Copyright 1986-2019 Xilinx, Inc. All Rights Reserved.
--------------------------------------------------------------------------------------
| Tool Version : Vivado v.2019.2 (win64) Build 2708876 Wed Nov  6 21:40:23 MST 2019
| Date         : Tue Apr  7 23:43:24 2020
| Host         : DESKTOP-B3FLJGH running 64-bit major release  (build 9200)
| Command      : report_control_sets -verbose -file top_level_control_sets_placed.rpt
| Design       : top_level
| Device       : xc7a100t
--------------------------------------------------------------------------------------

Control Set Information

Table of Contents
-----------------
1. Summary
2. Histogram
3. Flip-Flop Distribution
4. Detailed Control Set Information

1. Summary
----------

+----------------------------------------------------------+-------+
|                          Status                          | Count |
+----------------------------------------------------------+-------+
| Total control sets                                       |    22 |
|    Minimum number of control sets                        |    22 |
|    Addition due to synthesis replication                 |     0 |
|    Addition due to physical synthesis replication        |     0 |
| Unused register locations in slices containing registers |    50 |
+----------------------------------------------------------+-------+
* Control sets can be merged at opt_design using control_set_merge or merge_equivalent_drivers
** Run report_qor_suggestions for automated merging and remapping suggestions


2. Histogram
------------

+--------------------+-------+
|       Fanout       | Count |
+--------------------+-------+
| Total control sets |    22 |
| >= 0 to < 4        |     3 |
| >= 4 to < 6        |     2 |
| >= 6 to < 8        |     1 |
| >= 8 to < 10       |     6 |
| >= 10 to < 12      |     1 |
| >= 12 to < 14      |     1 |
| >= 14 to < 16      |     1 |
| >= 16              |     7 |
+--------------------+-------+
* Control sets can be remapped at either synth_design or opt_design


3. Flip-Flop Distribution
-------------------------

+--------------+-----------------------+------------------------+-----------------+--------------+
| Clock Enable | Synchronous Set/Reset | Asynchronous Set/Reset | Total Registers | Total Slices |
+--------------+-----------------------+------------------------+-----------------+--------------+
| No           | No                    | No                     |              86 |           23 |
| No           | No                    | Yes                    |              38 |           13 |
| No           | Yes                   | No                     |              33 |           15 |
| Yes          | No                    | No                     |              48 |           12 |
| Yes          | No                    | Yes                    |              43 |           14 |
| Yes          | Yes                   | No                     |              14 |            4 |
+--------------+-----------------------+------------------------+-----------------+--------------+


4. Detailed Control Set Information
-----------------------------------

+--------------------------------------------------------------+--------------------------------------------------------------------------------------------+-----------------------------------------------------------------------------------------------+------------------+----------------+
|                         Clock Signal                         |                                        Enable Signal                                       |                                        Set/Reset Signal                                       | Slice Load Count | Bel Load Count |
+--------------------------------------------------------------+--------------------------------------------------------------------------------------------+-----------------------------------------------------------------------------------------------+------------------+----------------+
|  program_rom/instantiate_loader.jtag_loader_6_inst/CLK       |                                                                                            |                                                                                               |                1 |              1 |
|  CLK100MHZ_IBUF_BUFG                                         |                                                                                            | cpu_reset                                                                                     |                1 |              1 |
|  clk_BUFG                                                    | processor/flag_enable                                                                      | processor/internal_reset                                                                      |                1 |              2 |
|  program_rom/instantiate_loader.jtag_loader_6_inst/CLK       |                                                                                            | program_rom/instantiate_loader.jtag_loader_6_inst/jtag_loader_gen.control_dout_int[7]_i_1_n_0 |                1 |              4 |
|  clk_BUFG                                                    |                                                                                            | processor/active_interrupt                                                                    |                3 |              5 |
|  clk_BUFG                                                    |                                                                                            | processor/internal_reset                                                                      |                3 |              6 |
|  clk_BUFG                                                    |                                                                                            | program_rom/instruction[7]                                                                    |                3 |              8 |
|  clk_BUFG                                                    | processor/buffer_write                                                                     |                                                                                               |                1 |              8 |
|  clk_BUFG                                                    | processor/spm_enable                                                                       |                                                                                               |                2 |              8 |
|  clk_BUFG                                                    | processor/write_strobe_flop_0[1]                                                           | cpu_reset                                                                                     |                3 |              8 |
|  clk_BUFG                                                    | processor/write_strobe_flop_0[0]                                                           | cpu_reset                                                                                     |                2 |              8 |
|  clk_BUFG                                                    | rcvr/buffer_write                                                                          |                                                                                               |                1 |              8 |
|  clk_BUFG                                                    | displaydrv/load                                                                            | program_rom/instantiate_loader.jtag_loader_6_inst/AR[0]                                       |                4 |             11 |
|  clk_BUFG                                                    | processor/WE                                                                               | processor/internal_reset                                                                      |                3 |             12 |
|  program_rom/instantiate_loader.jtag_loader_6_inst/shift_clk | program_rom/instantiate_loader.jtag_loader_6_inst/shift                                    |                                                                                               |                3 |             14 |
|  clk_BUFG                                                    | makemsclk/pulseout                                                                         |                                                                                               |                4 |             16 |
|  clk_BUFG                                                    | processor/WE                                                                               |                                                                                               |                2 |             16 |
|  clk_BUFG                                                    | processor/register_enable                                                                  |                                                                                               |                2 |             16 |
|  clk_BUFG                                                    | processor/E[0]                                                                             | cpu_reset                                                                                     |                5 |             16 |
|  program_rom/instantiate_loader.jtag_loader_6_inst/shift_clk | program_rom/instantiate_loader.jtag_loader_6_inst/jtag_loader_gen.jtag_din_int[17]_i_1_n_0 |                                                                                               |                5 |             18 |
|  clk_BUFG                                                    |                                                                                            | program_rom/instantiate_loader.jtag_loader_6_inst/AR[0]                                       |               17 |             47 |
|  clk_BUFG                                                    |                                                                                            |                                                                                               |               22 |             85 |
+--------------------------------------------------------------+--------------------------------------------------------------------------------------------+-----------------------------------------------------------------------------------------------+------------------+----------------+


